[mourithemes.com/robin/robin/index-particles.html]
[backblue.gif]
[fade.gif]
[index.html]
[mourithemes.com/robin/robin/favicon/apple-icon-57x57.png]
[mourithemes.com/robin/robin/favicon/apple-icon-72x72.png]
[mourithemes.com/robin/robin/favicon/apple-icon-76x76.png]
[mourithemes.com/robin/robin/favicon/apple-icon-114x114.png]
[mourithemes.com/robin/robin/favicon/apple-icon-120x120.png]
[mourithemes.com/robin/robin/favicon/apple-icon-144x144.png]
[mourithemes.com/robin/robin/favicon/apple-icon-152x152.png]
[mourithemes.com/robin/robin/favicon/apple-icon-180x180.png]
[mourithemes.com/robin/robin/favicon/android-icon-192x192.png]
[mourithemes.com/robin/robin/favicon/favicon-32x32.png]
[mourithemes.com/robin/robin/favicon/favicon-96x96.png]
[mourithemes.com/robin/robin/favicon/favicon-16x16.png]
[mourithemes.com/robin/robin/favicon/manifest.json]
[mourithemes.com/robin/robin/favicon/ms-icon-144x144.png]
[mourithemes.com/robin/robin/index.html]
[mourithemes.com/robin/robin/images/home/1.png]
[mourithemes.com/robin/robin/images/about/a1.jpg]
[mourithemes.com/robin/robin/images/about/demo-cv.png]
[mourithemes.com/robin/robin/images/port/1.jpg]
[mourithemes.com/robin/robin/images/port/2.jpg]
[mourithemes.com/robin/robin/images/port/3.jpg]
[mourithemes.com/robin/robin/images/port/4.jpg]
[mourithemes.com/robin/robin/images/port/5.jpg]
[mourithemes.com/robin/robin/images/port/6.jpg]
[mourithemes.com/robin/robin/images/testimonial/testi1.jpg]
[mourithemes.com/robin/robin/images/testimonial/testi2.jpg]
[mourithemes.com/robin/robin/images/testimonial/testi3.jpg]
[mourithemes.com/robin/robin/images/testimonial/testi4.jpg]
[mourithemes.com/robin/robin/js/jquery-3.2.1.min.js]
[mourithemes.com/robin/robin/js/bootstrap.min.js]
[mourithemes.com/robin/robin/js/jquery.animatedheadline.js]
[mourithemes.com/robin/robin/js/jquery.magnific-popup.js]
[mourithemes.com/robin/robin/js/custom.js]
[mourithemes.com/robin/robin/js/jquery.waypoints.js]
[mourithemes.com/robin/robin/js/jquery.counterup.min.js]
[mourithemes.com/robin/robin/js/imagesloaded.min.js]
[mourithemes.com/robin/robin/js/isotope.pkgd.min.js]
[mourithemes.com/robin/robin/js/owl.carousel.js]
[mourithemes.com/robin/robin/js/validator.js]
[mourithemes.com/robin/robin/js/contact.js]
[mourithemes.com/robin/robin/js/particles.js]
[mourithemes.com/robin/robin/js/app.js]
[mourithemes.com/robin/robin/js/main.js]
[mourithemes.com/robin/robin/index-particles.html]
[mourithemes.com/robin/robin/fonts/fontawesome-webfont3e6e.eot]
[mourithemes.com/robin/robin/favicon/apple-icon-60x60.png]
[mourithemes.com/robin/robin/fonts/fontawesome-webfontd41d.eot]
[mourithemes.com/robin/robin/fonts/fontawesome-webfont3e6e.woff2]
[mourithemes.com/robin/robin/fonts/fontawesome-webfont3e6e.woff]
[mourithemes.com/robin/robin/fonts/fontawesome-webfont3e6e.ttf]
[mourithemes.com/robin/robin/css/font-awesome.min.css]
[mourithemes.com/robin/robin/fonts/glyphicons-halflings-regular.eot]
[mourithemes.com/robin/robin/fonts/glyphicons-halflings-regulard41d.eot]
[mourithemes.com/robin/robin/fonts/glyphicons-halflings-regular.woff2]
[mourithemes.com/robin/robin/fonts/glyphicons-halflings-regular.woff]
[mourithemes.com/robin/robin/fonts/glyphicons-halflings-regular.ttf]
[mourithemes.com/robin/robin/css/bootstrap.min.css]
[mourithemes.com/robin/robin/css/jquery.animatedheadline.css]
[mourithemes.com/robin/robin/css/owl.carousel.css]
[mourithemes.com/robin/robin/css/owl.theme.default.css]
[mourithemes.com/robin/robin/css/magnific-popup.css]
[mourithemes.com/robin/robin/fonts/et-line.eot]
[mourithemes.com/robin/robin/fonts/et-lined41dd41dd41d.html]
[mourithemes.com/robin/robin/fonts/et-line.woff]
[mourithemes.com/robin/robin/fonts/et-line.ttf]
[mourithemes.com/robin/robin/css/line-icons.min.css]
[mourithemes.com/robin/robin/images/home/2.jpg]
[mourithemes.com/robin/robin/images/skills/1.jpg]
[mourithemes.com/robin/robin/images/statistic/stats.jpg]
[mourithemes.com/robin/robin/images/testimonial/1.jpg]
[mourithemes.com/robin/robin/css/style.css]
[mourithemes.com/robin/robin/css/responsive.css]
[mourithemes.com/robin/robin/js/letters-type.js]
[mourithemes.com/robin/robin/index.html]
[mourithemes.com/robin/robin/fonts/fontawesome-webfont3e6e.svg]
[mourithemes.com/robin/robin/fonts/glyphicons-halflings-regular.svg]
[mourithemes.com/robin/robin/css/owl.video.play.html]
[mourithemes.com/robin/robin/fonts/et-lined41dd41dd41d.html]
[mourithemes.com/robin/robin/fonts/et-line.svg]
[mourithemes.com/robin/robin/images/port/2.jpg]
